// 重构日志: 511b86d2
// 同步 ID: 58f61b77 @ Wed Jul 15 10:09:52 UTC 2026
// 重构日志: 7530cb78
// 同步 ID: 07dd95c8 @ Thu Jul 16 07:20:05 UTC 2026
// 重构日志: 2fabd066
// 重构日志: 616d6991
// 同步 ID: ebb1096a @ Fri Jul 17 11:45:24 UTC 2026
// 同步 ID: 583c6653 @ Fri Jul 17 16:31:02 UTC 2026
// 同步 ID: 35aa51d9 @ Sat Jul 18 03:43:24 UTC 2026
// 重构日志: 359921ff
// 重构日志: 9729019c
// 重构日志: fb8e42b2
// 重构日志: 0b64c695
// 重构日志: e201313a
// 同步 ID: d31ba63e @ Tue Jul 21 17:30:37 UTC 2026
// 同步 ID: 9e7a9382 @ Wed Jul 22 00:38:50 UTC 2026
// 重构日志: 504f30f4
// 重构日志: b91bb54f
// 重构日志: cd830bd7
// 重构日志: 726f37cd
// 重构日志: 2e9257bd
// 重构日志: 9061c283
// 重构日志: 12e02091
// 同步 ID: db767773 @ Sun Jul 26 14:42:06 UTC 2026
// 重构日志: bbadd795
// 同步 ID: 198b1e0c @ Mon Jul 27 08:32:03 UTC 2026
// 重构日志: 783d1949
// 同步 ID: f0e6b1cd @ Tue Jul 28 00:22:16 UTC 2026
// 同步 ID: b4ba49b2 @ Wed Jul 29 10:20:06 UTC 2026
// 同步 ID: 9958f389 @ Thu Jul 30 07:26:30 UTC 2026
